[dotenv@17.2.3] injecting env (6) from .env -- tip: ≡ƒöÉ prevent building .env in docker: https://dotenvx.com/prebuild
Testing welcome email...
Γ£à Welcome email sent successfully to test@example.com. Message ID: <202602241024.90258896964@smtp-relay.mailin.fr>
Welcome email result: true
Testing OTP email...
Γ£à OTP email sent successfully to test@example.com
OTP email result: true
